[2024-11-03T11:04:34.613+0000][gc,heap] Heap region size: 1M
[2024-11-03T11:04:34.615+0000][gc     ] Using G1
[2024-11-03T11:04:34.615+0000][gc,heap,coops] Heap address: 0x0000000780000000, size: 1024 MB, Compressed Oops mode: Zero based, Oop shift amount: 3
[2024-11-03T11:04:35.346+0000][gc,start     ] GC(0) Pause Young (Concurrent Start) (Metadata GC Threshold)
[2024-11-03T11:04:35.346+0000][gc,task      ] GC(0) Using 8 workers of 8 for evacuation
[2024-11-03T11:04:35.352+0000][gc,phases    ] GC(0)   Pre Evacuate Collection Set: 0.0ms
[2024-11-03T11:04:35.352+0000][gc,phases    ] GC(0)   Evacuate Collection Set: 5.2ms
[2024-11-03T11:04:35.352+0000][gc,phases    ] GC(0)   Post Evacuate Collection Set: 0.2ms
[2024-11-03T11:04:35.352+0000][gc,phases    ] GC(0)   Other: 0.4ms
[2024-11-03T11:04:35.352+0000][gc,heap      ] GC(0) Eden regions: 44->0(44)
[2024-11-03T11:04:35.352+0000][gc,heap      ] GC(0) Survivor regions: 0->7(7)
[2024-11-03T11:04:35.352+0000][gc,heap      ] GC(0) Old regions: 0->0
[2024-11-03T11:04:35.352+0000][gc,heap      ] GC(0) Humongous regions: 0->0
[2024-11-03T11:04:35.352+0000][gc,metaspace ] GC(0) Metaspace: 20799K(21248K)->20799K(21248K) NonClass: 18454K(18688K)->18454K(18688K) Class: 2344K(2560K)->2344K(2560K)
[2024-11-03T11:04:35.352+0000][gc           ] GC(0) Pause Young (Concurrent Start) (Metadata GC Threshold) 44M->6M(1024M) 5.898ms
[2024-11-03T11:04:35.352+0000][gc,cpu       ] GC(0) User=0.01s Sys=0.01s Real=0.01s
[2024-11-03T11:04:35.352+0000][gc           ] GC(1) Concurrent Cycle
[2024-11-03T11:04:35.352+0000][gc,marking   ] GC(1) Concurrent Clear Claimed Marks
[2024-11-03T11:04:35.352+0000][gc,marking   ] GC(1) Concurrent Clear Claimed Marks 0.014ms
[2024-11-03T11:04:35.352+0000][gc,marking   ] GC(1) Concurrent Scan Root Regions
[2024-11-03T11:04:35.354+0000][gc,marking   ] GC(1) Concurrent Scan Root Regions 2.326ms
[2024-11-03T11:04:35.355+0000][gc,marking   ] GC(1) Concurrent Mark (0.748s)
[2024-11-03T11:04:35.355+0000][gc,marking   ] GC(1) Concurrent Mark From Roots
[2024-11-03T11:04:35.355+0000][gc,task      ] GC(1) Using 2 workers of 2 for marking
[2024-11-03T11:04:35.355+0000][gc,marking   ] GC(1) Concurrent Mark From Roots 0.180ms
[2024-11-03T11:04:35.355+0000][gc,marking   ] GC(1) Concurrent Preclean
[2024-11-03T11:04:35.355+0000][gc,marking   ] GC(1) Concurrent Preclean 0.022ms
[2024-11-03T11:04:35.355+0000][gc,marking   ] GC(1) Concurrent Mark (0.748s, 0.748s) 0.230ms
[2024-11-03T11:04:35.355+0000][gc,start     ] GC(1) Pause Remark
[2024-11-03T11:04:35.356+0000][gc,stringtable] GC(1) Cleaned string and symbol table, strings: 7760 processed, 0 removed, symbols: 65718 processed, 30 removed
[2024-11-03T11:04:35.356+0000][gc            ] GC(1) Pause Remark 7M->7M(1024M) 1.179ms
[2024-11-03T11:04:35.356+0000][gc,cpu        ] GC(1) User=0.01s Sys=0.00s Real=0.00s
[2024-11-03T11:04:35.356+0000][gc,marking    ] GC(1) Concurrent Rebuild Remembered Sets
[2024-11-03T11:04:35.356+0000][gc,marking    ] GC(1) Concurrent Rebuild Remembered Sets 0.050ms
[2024-11-03T11:04:35.356+0000][gc,start      ] GC(1) Pause Cleanup
[2024-11-03T11:04:35.356+0000][gc            ] GC(1) Pause Cleanup 7M->7M(1024M) 0.092ms
[2024-11-03T11:04:35.356+0000][gc,cpu        ] GC(1) User=0.00s Sys=0.00s Real=0.00s
[2024-11-03T11:04:35.356+0000][gc,marking    ] GC(1) Concurrent Cleanup for Next Mark
[2024-11-03T11:04:35.358+0000][gc,marking    ] GC(1) Concurrent Cleanup for Next Mark 1.840ms
[2024-11-03T11:04:35.358+0000][gc            ] GC(1) Concurrent Cycle 6.044ms
[2024-11-03T11:04:35.946+0000][gc,start      ] GC(2) Pause Young (Normal) (G1 Evacuation Pause)
[2024-11-03T11:04:35.946+0000][gc,task       ] GC(2) Using 8 workers of 8 for evacuation
[2024-11-03T11:04:35.951+0000][gc,phases     ] GC(2)   Pre Evacuate Collection Set: 0.0ms
[2024-11-03T11:04:35.951+0000][gc,phases     ] GC(2)   Evacuate Collection Set: 4.9ms
[2024-11-03T11:04:35.951+0000][gc,phases     ] GC(2)   Post Evacuate Collection Set: 0.2ms
[2024-11-03T11:04:35.951+0000][gc,phases     ] GC(2)   Other: 0.1ms
[2024-11-03T11:04:35.951+0000][gc,heap       ] GC(2) Eden regions: 44->0(48)
[2024-11-03T11:04:35.952+0000][gc,heap       ] GC(2) Survivor regions: 7->3(7)
[2024-11-03T11:04:35.952+0000][gc,heap       ] GC(2) Old regions: 0->7
[2024-11-03T11:04:35.952+0000][gc,heap       ] GC(2) Humongous regions: 129->129
[2024-11-03T11:04:35.952+0000][gc,metaspace  ] GC(2) Metaspace: 30277K(31232K)->30277K(31232K) NonClass: 26811K(27392K)->26811K(27392K) Class: 3465K(3840K)->3465K(3840K)
[2024-11-03T11:04:35.952+0000][gc            ] GC(2) Pause Young (Normal) (G1 Evacuation Pause) 179M->137M(1024M) 5.397ms
[2024-11-03T11:04:35.952+0000][gc,cpu        ] GC(2) User=0.03s Sys=0.00s Real=0.01s
[2024-11-03T11:04:36.180+0000][gc,start      ] GC(3) Pause Young (Concurrent Start) (Metadata GC Threshold)
[2024-11-03T11:04:36.180+0000][gc,task       ] GC(3) Using 8 workers of 8 for evacuation
[2024-11-03T11:04:36.183+0000][gc,phases     ] GC(3)   Pre Evacuate Collection Set: 0.0ms
[2024-11-03T11:04:36.183+0000][gc,phases     ] GC(3)   Evacuate Collection Set: 2.0ms
[2024-11-03T11:04:36.183+0000][gc,phases     ] GC(3)   Post Evacuate Collection Set: 0.2ms
[2024-11-03T11:04:36.183+0000][gc,phases     ] GC(3)   Other: 0.1ms
[2024-11-03T11:04:36.183+0000][gc,heap       ] GC(3) Eden regions: 26->0(46)
[2024-11-03T11:04:36.183+0000][gc,heap       ] GC(3) Survivor regions: 3->5(7)
[2024-11-03T11:04:36.183+0000][gc,heap       ] GC(3) Old regions: 7->7
[2024-11-03T11:04:36.183+0000][gc,heap       ] GC(3) Humongous regions: 129->129
[2024-11-03T11:04:36.183+0000][gc,metaspace  ] GC(3) Metaspace: 34995K(35840K)->34995K(35840K) NonClass: 31149K(31616K)->31149K(31616K) Class: 3845K(4224K)->3845K(4224K)
[2024-11-03T11:04:36.183+0000][gc            ] GC(3) Pause Young (Concurrent Start) (Metadata GC Threshold) 163M->139M(1024M) 2.438ms
[2024-11-03T11:04:36.183+0000][gc,cpu        ] GC(3) User=0.01s Sys=0.00s Real=0.00s
[2024-11-03T11:04:36.183+0000][gc            ] GC(4) Concurrent Cycle
[2024-11-03T11:04:36.183+0000][gc,marking    ] GC(4) Concurrent Clear Claimed Marks
[2024-11-03T11:04:36.183+0000][gc,marking    ] GC(4) Concurrent Clear Claimed Marks 0.017ms
[2024-11-03T11:04:36.183+0000][gc,marking    ] GC(4) Concurrent Scan Root Regions
[2024-11-03T11:04:36.184+0000][gc,marking    ] GC(4) Concurrent Scan Root Regions 1.493ms
[2024-11-03T11:04:36.184+0000][gc,marking    ] GC(4) Concurrent Mark (1.578s)
[2024-11-03T11:04:36.184+0000][gc,marking    ] GC(4) Concurrent Mark From Roots
[2024-11-03T11:04:36.184+0000][gc,task       ] GC(4) Using 2 workers of 2 for marking
[2024-11-03T11:04:36.188+0000][gc,marking    ] GC(4) Concurrent Mark From Roots 3.464ms
[2024-11-03T11:04:36.188+0000][gc,marking    ] GC(4) Concurrent Preclean
[2024-11-03T11:04:36.188+0000][gc,marking    ] GC(4) Concurrent Preclean 0.066ms
[2024-11-03T11:04:36.188+0000][gc,marking    ] GC(4) Concurrent Mark (1.578s, 1.581s) 3.575ms
[2024-11-03T11:04:36.188+0000][gc,start      ] GC(4) Pause Remark
[2024-11-03T11:04:36.190+0000][gc,stringtable] GC(4) Cleaned string and symbol table, strings: 12275 processed, 7 removed, symbols: 98705 processed, 22 removed
[2024-11-03T11:04:36.190+0000][gc            ] GC(4) Pause Remark 140M->140M(1024M) 1.584ms
[2024-11-03T11:04:36.190+0000][gc,cpu        ] GC(4) User=0.01s Sys=0.00s Real=0.01s
[2024-11-03T11:04:36.190+0000][gc,marking    ] GC(4) Concurrent Rebuild Remembered Sets
[2024-11-03T11:04:36.193+0000][gc,marking    ] GC(4) Concurrent Rebuild Remembered Sets 2.992ms
[2024-11-03T11:04:36.194+0000][gc,start      ] GC(4) Pause Cleanup
[2024-11-03T11:04:36.194+0000][gc            ] GC(4) Pause Cleanup 141M->141M(1024M) 0.105ms
[2024-11-03T11:04:36.194+0000][gc,cpu        ] GC(4) User=0.00s Sys=0.00s Real=0.00s
[2024-11-03T11:04:36.194+0000][gc,marking    ] GC(4) Concurrent Cleanup for Next Mark
[2024-11-03T11:04:36.197+0000][gc,marking    ] GC(4) Concurrent Cleanup for Next Mark 3.292ms
[2024-11-03T11:04:36.197+0000][gc            ] GC(4) Concurrent Cycle 14.524ms
[2024-11-03T11:09:41.682+0000][gc,start      ] GC(5) Pause Young (Normal) (G1 Evacuation Pause)
[2024-11-03T11:09:41.683+0000][gc,task       ] GC(5) Using 8 workers of 8 for evacuation
[2024-11-03T11:09:41.720+0000][gc,mmu        ] GC(5) MMU target violated: 21.0ms (20.0ms/21.0ms)
[2024-11-03T11:09:41.720+0000][gc,phases     ] GC(5)   Pre Evacuate Collection Set: 1.8ms
[2024-11-03T11:09:41.720+0000][gc,phases     ] GC(5)   Evacuate Collection Set: 34.6ms
[2024-11-03T11:09:41.720+0000][gc,phases     ] GC(5)   Post Evacuate Collection Set: 0.4ms
[2024-11-03T11:09:41.720+0000][gc,phases     ] GC(5)   Other: 1.6ms
[2024-11-03T11:09:41.720+0000][gc,heap       ] GC(5) Eden regions: 46->0(45)
[2024-11-03T11:09:41.720+0000][gc,heap       ] GC(5) Survivor regions: 5->6(7)
[2024-11-03T11:09:41.720+0000][gc,heap       ] GC(5) Old regions: 7->9
[2024-11-03T11:09:41.720+0000][gc,heap       ] GC(5) Humongous regions: 129->129
[2024-11-03T11:09:41.720+0000][gc,metaspace  ] GC(5) Metaspace: 44828K(46592K)->44828K(46592K) NonClass: 39588K(40448K)->39588K(40448K) Class: 5240K(6144K)->5240K(6144K)
[2024-11-03T11:09:41.720+0000][gc            ] GC(5) Pause Young (Normal) (G1 Evacuation Pause) 185M->142M(1024M) 38.446ms
[2024-11-03T11:09:41.720+0000][gc,cpu        ] GC(5) User=0.03s Sys=0.05s Real=0.04s
[2024-11-03T11:23:00.509+0000][gc,start      ] GC(6) Pause Young (Normal) (G1 Evacuation Pause)
[2024-11-03T11:23:00.510+0000][gc,task       ] GC(6) Using 8 workers of 8 for evacuation
[2024-11-03T11:23:00.555+0000][gc,mmu        ] GC(6) MMU target violated: 21.0ms (20.0ms/21.0ms)
[2024-11-03T11:23:00.555+0000][gc,phases     ] GC(6)   Pre Evacuate Collection Set: 1.3ms
[2024-11-03T11:23:00.555+0000][gc,phases     ] GC(6)   Evacuate Collection Set: 41.0ms
[2024-11-03T11:23:00.555+0000][gc,phases     ] GC(6)   Post Evacuate Collection Set: 1.0ms
[2024-11-03T11:23:00.555+0000][gc,phases     ] GC(6)   Other: 3.0ms
[2024-11-03T11:23:00.555+0000][gc,heap       ] GC(6) Eden regions: 45->0(45)
[2024-11-03T11:23:00.555+0000][gc,heap       ] GC(6) Survivor regions: 6->6(7)
[2024-11-03T11:23:00.555+0000][gc,heap       ] GC(6) Old regions: 9->11
[2024-11-03T11:23:00.555+0000][gc,heap       ] GC(6) Humongous regions: 129->129
[2024-11-03T11:23:00.555+0000][gc,metaspace  ] GC(6) Metaspace: 47691K(49792K)->47691K(49792K) NonClass: 42104K(43264K)->42104K(43264K) Class: 5586K(6528K)->5586K(6528K)
[2024-11-03T11:23:00.555+0000][gc            ] GC(6) Pause Young (Normal) (G1 Evacuation Pause) 187M->145M(1024M) 46.076ms
[2024-11-03T11:23:00.555+0000][gc,cpu        ] GC(6) User=0.03s Sys=0.11s Real=0.05s
[2024-11-03T11:35:21.941+0000][gc,start      ] GC(7) Pause Young (Normal) (G1 Evacuation Pause)
[2024-11-03T11:35:21.943+0000][gc,task       ] GC(7) Using 8 workers of 8 for evacuation
[2024-11-03T11:35:21.978+0000][gc,mmu        ] GC(7) MMU target violated: 21.0ms (20.0ms/21.0ms)
[2024-11-03T11:35:21.978+0000][gc,phases     ] GC(7)   Pre Evacuate Collection Set: 2.0ms
[2024-11-03T11:35:21.978+0000][gc,phases     ] GC(7)   Evacuate Collection Set: 31.3ms
[2024-11-03T11:35:21.978+0000][gc,phases     ] GC(7)   Post Evacuate Collection Set: 0.9ms
[2024-11-03T11:35:21.978+0000][gc,phases     ] GC(7)   Other: 3.9ms
[2024-11-03T11:35:21.979+0000][gc,heap       ] GC(7) Eden regions: 45->0(46)
[2024-11-03T11:35:21.979+0000][gc,heap       ] GC(7) Survivor regions: 6->5(7)
[2024-11-03T11:35:21.979+0000][gc,heap       ] GC(7) Old regions: 11->14
[2024-11-03T11:35:21.979+0000][gc,heap       ] GC(7) Humongous regions: 129->129
[2024-11-03T11:35:21.979+0000][gc,metaspace  ] GC(7) Metaspace: 48223K(50432K)->48223K(50432K) NonClass: 42599K(43776K)->42599K(43776K) Class: 5623K(6656K)->5623K(6656K)
[2024-11-03T11:35:21.979+0000][gc            ] GC(7) Pause Young (Normal) (G1 Evacuation Pause) 190M->147M(1024M) 37.922ms
[2024-11-03T11:35:21.979+0000][gc,cpu        ] GC(7) User=0.06s Sys=0.06s Real=0.03s
[2024-11-03T11:49:02.399+0000][gc,start      ] GC(8) Pause Young (Normal) (G1 Evacuation Pause)
[2024-11-03T11:49:02.401+0000][gc,task       ] GC(8) Using 8 workers of 8 for evacuation
[2024-11-03T11:49:02.439+0000][gc,mmu        ] GC(8) MMU target violated: 21.0ms (20.0ms/21.0ms)
[2024-11-03T11:49:02.439+0000][gc,phases     ] GC(8)   Pre Evacuate Collection Set: 1.8ms
[2024-11-03T11:49:02.439+0000][gc,phases     ] GC(8)   Evacuate Collection Set: 32.6ms
[2024-11-03T11:49:02.439+0000][gc,phases     ] GC(8)   Post Evacuate Collection Set: 0.7ms
[2024-11-03T11:49:02.439+0000][gc,phases     ] GC(8)   Other: 5.2ms
[2024-11-03T11:49:02.439+0000][gc,heap       ] GC(8) Eden regions: 46->0(48)
[2024-11-03T11:49:02.439+0000][gc,heap       ] GC(8) Survivor regions: 5->3(7)
[2024-11-03T11:49:02.439+0000][gc,heap       ] GC(8) Old regions: 14->16
[2024-11-03T11:49:02.439+0000][gc,heap       ] GC(8) Humongous regions: 129->129
[2024-11-03T11:49:02.439+0000][gc,metaspace  ] GC(8) Metaspace: 48306K(50432K)->48306K(50432K) NonClass: 42683K(43776K)->42683K(43776K) Class: 5623K(6656K)->5623K(6656K)
[2024-11-03T11:49:02.439+0000][gc            ] GC(8) Pause Young (Normal) (G1 Evacuation Pause) 193M->146M(1024M) 40.030ms
[2024-11-03T11:49:02.439+0000][gc,cpu        ] GC(8) User=0.04s Sys=0.07s Real=0.04s
[2024-11-03T12:04:03.792+0000][gc,start      ] GC(9) Pause Young (Normal) (G1 Evacuation Pause)
[2024-11-03T12:04:03.795+0000][gc,task       ] GC(9) Using 8 workers of 8 for evacuation
[2024-11-03T12:04:03.811+0000][gc,phases     ] GC(9)   Pre Evacuate Collection Set: 1.3ms
[2024-11-03T12:04:03.811+0000][gc,phases     ] GC(9)   Evacuate Collection Set: 11.5ms
[2024-11-03T12:04:03.811+0000][gc,phases     ] GC(9)   Post Evacuate Collection Set: 1.0ms
[2024-11-03T12:04:03.811+0000][gc,phases     ] GC(9)   Other: 6.4ms
[2024-11-03T12:04:03.811+0000][gc,heap       ] GC(9) Eden regions: 48->0(48)
[2024-11-03T12:04:03.811+0000][gc,heap       ] GC(9) Survivor regions: 3->3(7)
[2024-11-03T12:04:03.811+0000][gc,heap       ] GC(9) Old regions: 16->16
[2024-11-03T12:04:03.811+0000][gc,heap       ] GC(9) Humongous regions: 129->129
[2024-11-03T12:04:03.811+0000][gc,metaspace  ] GC(9) Metaspace: 48389K(50688K)->48389K(50688K) NonClass: 42766K(44032K)->42766K(44032K) Class: 5623K(6656K)->5623K(6656K)
[2024-11-03T12:04:03.811+0000][gc            ] GC(9) Pause Young (Normal) (G1 Evacuation Pause) 194M->146M(1024M) 19.452ms
[2024-11-03T12:04:03.811+0000][gc,cpu        ] GC(9) User=0.02s Sys=0.03s Real=0.02s
[2024-11-03T12:14:38.316+0000][gc,start      ] GC(10) Pause Young (Normal) (G1 Evacuation Pause)
[2024-11-03T12:14:38.319+0000][gc,task       ] GC(10) Using 8 workers of 8 for evacuation
[2024-11-03T12:14:38.337+0000][gc,phases     ] GC(10)   Pre Evacuate Collection Set: 1.8ms
[2024-11-03T12:14:38.337+0000][gc,phases     ] GC(10)   Evacuate Collection Set: 12.6ms
[2024-11-03T12:14:38.337+0000][gc,phases     ] GC(10)   Post Evacuate Collection Set: 1.3ms
[2024-11-03T12:14:38.337+0000][gc,phases     ] GC(10)   Other: 6.2ms
[2024-11-03T12:14:38.337+0000][gc,heap       ] GC(10) Eden regions: 48->0(47)
[2024-11-03T12:14:38.337+0000][gc,heap       ] GC(10) Survivor regions: 3->4(7)
[2024-11-03T12:14:38.337+0000][gc,heap       ] GC(10) Old regions: 16->16
[2024-11-03T12:14:38.338+0000][gc,heap       ] GC(10) Humongous regions: 129->129
[2024-11-03T12:14:38.338+0000][gc,metaspace  ] GC(10) Metaspace: 48540K(50688K)->48540K(50688K) NonClass: 42898K(44032K)->42898K(44032K) Class: 5641K(6656K)->5641K(6656K)
[2024-11-03T12:14:38.338+0000][gc            ] GC(10) Pause Young (Normal) (G1 Evacuation Pause) 194M->147M(1024M) 21.632ms
[2024-11-03T12:14:38.338+0000][gc,cpu        ] GC(10) User=0.02s Sys=0.03s Real=0.02s
[2024-11-03T12:24:29.827+0000][gc,start      ] GC(11) Pause Young (Normal) (G1 Evacuation Pause)
[2024-11-03T12:24:29.830+0000][gc,task       ] GC(11) Using 8 workers of 8 for evacuation
[2024-11-03T12:24:29.854+0000][gc,mmu        ] GC(11) MMU target violated: 21.0ms (20.0ms/21.0ms)
[2024-11-03T12:24:29.854+0000][gc,phases     ] GC(11)   Pre Evacuate Collection Set: 3.0ms
[2024-11-03T12:24:29.854+0000][gc,phases     ] GC(11)   Evacuate Collection Set: 17.1ms
[2024-11-03T12:24:29.854+0000][gc,phases     ] GC(11)   Post Evacuate Collection Set: 1.7ms
[2024-11-03T12:24:29.854+0000][gc,phases     ] GC(11)   Other: 6.2ms
[2024-11-03T12:24:29.854+0000][gc,heap       ] GC(11) Eden regions: 47->0(47)
[2024-11-03T12:24:29.854+0000][gc,heap       ] GC(11) Survivor regions: 4->4(7)
[2024-11-03T12:24:29.854+0000][gc,heap       ] GC(11) Old regions: 16->16
[2024-11-03T12:24:29.854+0000][gc,heap       ] GC(11) Humongous regions: 129->129
[2024-11-03T12:24:29.854+0000][gc,metaspace  ] GC(11) Metaspace: 48553K(50688K)->48553K(50688K) NonClass: 42911K(44032K)->42911K(44032K) Class: 5641K(6656K)->5641K(6656K)
[2024-11-03T12:24:29.854+0000][gc            ] GC(11) Pause Young (Normal) (G1 Evacuation Pause) 194M->147M(1024M) 27.483ms
[2024-11-03T12:24:29.854+0000][gc,cpu        ] GC(11) User=0.02s Sys=0.04s Real=0.03s
[2024-11-03T12:34:27.352+0000][gc,start      ] GC(12) Pause Young (Normal) (G1 Evacuation Pause)
[2024-11-03T12:34:27.354+0000][gc,task       ] GC(12) Using 8 workers of 8 for evacuation
[2024-11-03T12:34:27.369+0000][gc,phases     ] GC(12)   Pre Evacuate Collection Set: 2.1ms
[2024-11-03T12:34:27.369+0000][gc,phases     ] GC(12)   Evacuate Collection Set: 10.7ms
[2024-11-03T12:34:27.369+0000][gc,phases     ] GC(12)   Post Evacuate Collection Set: 1.1ms
[2024-11-03T12:34:27.369+0000][gc,phases     ] GC(12)   Other: 4.5ms
[2024-11-03T12:34:27.369+0000][gc,heap       ] GC(12) Eden regions: 47->0(48)
[2024-11-03T12:34:27.369+0000][gc,heap       ] GC(12) Survivor regions: 4->3(7)
[2024-11-03T12:34:27.369+0000][gc,heap       ] GC(12) Old regions: 16->16
[2024-11-03T12:34:27.369+0000][gc,heap       ] GC(12) Humongous regions: 129->129
[2024-11-03T12:34:27.369+0000][gc,metaspace  ] GC(12) Metaspace: 48573K(50688K)->48573K(50688K) NonClass: 42931K(44032K)->42931K(44032K) Class: 5641K(6656K)->5641K(6656K)
[2024-11-03T12:34:27.370+0000][gc            ] GC(12) Pause Young (Normal) (G1 Evacuation Pause) 194M->146M(1024M) 17.789ms
[2024-11-03T12:34:27.370+0000][gc,cpu        ] GC(12) User=0.01s Sys=0.02s Real=0.02s
[2024-11-03T12:44:33.354+0000][gc,start      ] GC(13) Pause Young (Normal) (G1 Evacuation Pause)
[2024-11-03T12:44:33.373+0000][gc,task       ] GC(13) Using 8 workers of 8 for evacuation
[2024-11-03T12:44:33.437+0000][gc,mmu        ] GC(13) MMU target violated: 21.0ms (20.0ms/21.0ms)
[2024-11-03T12:44:33.437+0000][gc,phases     ] GC(13)   Pre Evacuate Collection Set: 20.3ms
[2024-11-03T12:44:33.437+0000][gc,phases     ] GC(13)   Evacuate Collection Set: 18.0ms
[2024-11-03T12:44:33.437+0000][gc,phases     ] GC(13)   Post Evacuate Collection Set: 1.2ms
[2024-11-03T12:44:33.437+0000][gc,phases     ] GC(13)   Other: 53.2ms
[2024-11-03T12:44:33.437+0000][gc,heap       ] GC(13) Eden regions: 48->0(47)
[2024-11-03T12:44:33.437+0000][gc,heap       ] GC(13) Survivor regions: 3->4(7)
[2024-11-03T12:44:33.437+0000][gc,heap       ] GC(13) Old regions: 16->16
[2024-11-03T12:44:33.437+0000][gc,heap       ] GC(13) Humongous regions: 129->129
[2024-11-03T12:44:33.437+0000][gc,metaspace  ] GC(13) Metaspace: 48580K(50688K)->48580K(50688K) NonClass: 42938K(44032K)->42938K(44032K) Class: 5641K(6656K)->5641K(6656K)
[2024-11-03T12:44:33.437+0000][gc            ] GC(13) Pause Young (Normal) (G1 Evacuation Pause) 194M->147M(1024M) 86.713ms
[2024-11-03T12:44:33.438+0000][gc,cpu        ] GC(13) User=0.02s Sys=0.03s Real=0.08s
[2024-11-03T12:54:27.306+0000][gc,start      ] GC(14) Pause Young (Normal) (G1 Evacuation Pause)
[2024-11-03T12:54:27.308+0000][gc,task       ] GC(14) Using 8 workers of 8 for evacuation
[2024-11-03T12:54:27.336+0000][gc,mmu        ] GC(14) MMU target violated: 21.0ms (20.0ms/21.0ms)
[2024-11-03T12:54:27.336+0000][gc,phases     ] GC(14)   Pre Evacuate Collection Set: 2.4ms
[2024-11-03T12:54:27.336+0000][gc,phases     ] GC(14)   Evacuate Collection Set: 21.7ms
[2024-11-03T12:54:27.336+0000][gc,phases     ] GC(14)   Post Evacuate Collection Set: 0.8ms
[2024-11-03T12:54:27.336+0000][gc,phases     ] GC(14)   Other: 5.4ms
[2024-11-03T12:54:27.336+0000][gc,heap       ] GC(14) Eden regions: 47->0(47)
[2024-11-03T12:54:27.336+0000][gc,heap       ] GC(14) Survivor regions: 4->4(7)
[2024-11-03T12:54:27.336+0000][gc,heap       ] GC(14) Old regions: 16->16
[2024-11-03T12:54:27.336+0000][gc,heap       ] GC(14) Humongous regions: 129->129
[2024-11-03T12:54:27.336+0000][gc,metaspace  ] GC(14) Metaspace: 48585K(50688K)->48585K(50688K) NonClass: 42943K(44032K)->42943K(44032K) Class: 5641K(6656K)->5641K(6656K)
[2024-11-03T12:54:27.336+0000][gc            ] GC(14) Pause Young (Normal) (G1 Evacuation Pause) 194M->148M(1024M) 30.067ms
[2024-11-03T12:54:27.336+0000][gc,cpu        ] GC(14) User=0.03s Sys=0.03s Real=0.03s
[2024-11-03T13:04:15.060+0000][gc,start      ] GC(15) Pause Young (Normal) (G1 Evacuation Pause)
[2024-11-03T13:04:15.061+0000][gc,task       ] GC(15) Using 8 workers of 8 for evacuation
[2024-11-03T13:04:15.085+0000][gc,mmu        ] GC(15) MMU target violated: 21.0ms (20.0ms/21.0ms)
[2024-11-03T13:04:15.085+0000][gc,phases     ] GC(15)   Pre Evacuate Collection Set: 1.4ms
[2024-11-03T13:04:15.085+0000][gc,phases     ] GC(15)   Evacuate Collection Set: 16.3ms
[2024-11-03T13:04:15.085+0000][gc,phases     ] GC(15)   Post Evacuate Collection Set: 1.5ms
[2024-11-03T13:04:15.085+0000][gc,phases     ] GC(15)   Other: 7.6ms
[2024-11-03T13:04:15.085+0000][gc,heap       ] GC(15) Eden regions: 47->0(48)
[2024-11-03T13:04:15.086+0000][gc,heap       ] GC(15) Survivor regions: 4->3(7)
[2024-11-03T13:04:15.086+0000][gc,heap       ] GC(15) Old regions: 16->16
[2024-11-03T13:04:15.086+0000][gc,heap       ] GC(15) Humongous regions: 129->129
[2024-11-03T13:04:15.086+0000][gc,metaspace  ] GC(15) Metaspace: 48595K(50688K)->48595K(50688K) NonClass: 42954K(44032K)->42954K(44032K) Class: 5641K(6656K)->5641K(6656K)
[2024-11-03T13:04:15.086+0000][gc            ] GC(15) Pause Young (Normal) (G1 Evacuation Pause) 195M->147M(1024M) 25.818ms
[2024-11-03T13:04:15.086+0000][gc,cpu        ] GC(15) User=0.02s Sys=0.05s Real=0.02s
